[www.apple.com/uk/index.html]
[www.apple.com/ac/globalnav/7/en_GB/styles/ac-globalnav.built.css]
[www.apple.com/ac/localnav/6/styles/ac-localnav.built.css]
[www.apple.com/ac/globalfooter/7/en_GB/styles/ac-globalfooter.built.css]
[backblue.gif]
[fade.gif]
[index.html]
[www.apple.com/ac/structured-data/images/open_graph_logo3971.png]
[www.apple.com/uk/home/built/styles/main.built.css]
[www.apple.com/uk/home/built/styles/overview.built.css]
[www.apple.com/uk/home/built/scripts/head.built.js]
[www.apple.com/uk/shop/bag.html]
[www.apple.com/uk/search.html]
[www.apple.com/uk/store.html]
[www.apple.com/uk/mac/index.html]
[www.apple.com/uk/ipad/index.html]
[www.apple.com/uk/shop/accessories/all.html]
[www.apple.com/ac/globalnav/7/en_GB/scripts/ac-globalnav.built.js]
[www.apple.com/uk/iphone/index.html]
[www.apple.com/metrics/ac-analytics/2.15.1/scripts/ac-analytics.js]
[www.apple.com/uk/watch/index.html]
[www.apple.com/uk/airpods/index.html]
[www.apple.com/uk/tv-home/index.html]
[www.apple.com/uk/shop/gift-cards.html]
[www.apple.com/uk/airtag/index.html]
[www.apple.com/uk/services/index.html]
[www.apple.com/uk/apple-music/index.html]
[www.apple.com/uk/apple-fitness-plus/index.html]
[www.apple.com/uk/apple-tv-plus/index.html]
[www.apple.com/uk/apple-news/index.html]
[www.apple.com/uk/shop/refurbished.html]
[www.apple.com/uk/apple-arcade/index.html]
[www.apple.com/uk/apple-pay/index.html]
[www.apple.com/uk/icloud/index.html]
[www.apple.com/uk/apple-one/index.html]
[www.apple.com/uk/shop/browse/financing.html]
[www.apple.com/uk/apple-books/index.html]
[www.apple.com/uk/shop/trade-in.html]
[www.apple.com/uk/apple-podcasts/index.html]
[www.apple.com/uk/app-store/index.html]
[www.apple.com/uk/retail/index.html]
[www.apple.com/uk/retail/geniusbar/index.html]
[www.apple.com/uk/shop/help.html]
[www.apple.com/uk/today/index.html]
[www.apple.com/uk/retail/business/index.html]
[www.apple.com/uk/today/camp/index.html]
[www.apple.com/uk/legal/internet-services/terms/site.html]
[www.apple.com/uk/education/index.html]
[www.apple.com/uk/business/index.html]
[www.apple.com/uk/shop/browse/open/salespolicies.html]
[www.apple.com/ac/globalfooter/7/en_GB/scripts/ac-globalfooter.built.js]
[www.apple.com/ac/localeswitcher/4/en_GB/scripts/localeswitcher.built.js]
[www.apple.com/uk/index.html]
[www.apple.com/uk/home/built/scripts/main.built.js]
[www.apple.com/uk/healthcare/index.html]
[www.apple.com/ac/globalnav/7/en_GB/images/be15095f-5a20-57d0-ad14-cf4c638e223a/globalnav_apple_image__b5er5ngrzxqq_large.png]
[www.apple.com/uk/healthcare/apple-watch/index.html]
[www.apple.com/ac/globalnav/7/en_GB/images/be15095f-5a20-57d0-ad14-cf4c638e223a/globalnav_apple_image__b5er5ngrzxqq_small.png]
[www.apple.com/ac/globalnav/7/en_GB/images/be15095f-5a20-57d0-ad14-cf4c638e223a/globalnav_links_store_image__c7jy08initqq_large.png]
[www.apple.com/ac/globalnav/7/en_GB/images/be15095f-5a20-57d0-ad14-cf4c638e223a/globalnav_links_store_image__c7jy08initqq_small.png]
[www.apple.com/uk/accessibility/index.html]
[www.apple.com/ac/globalnav/7/en_GB/images/be15095f-5a20-57d0-ad14-cf4c638e223a/globalnav_links_mac_image__dazlko3t9a6a_large.png]
[www.apple.com/ac/globalnav/7/en_GB/images/be15095f-5a20-57d0-ad14-cf4c638e223a/globalnav_links_mac_image__dazlko3t9a6a_small.png]
[www.apple.com/ac/globalnav/7/en_GB/images/be15095f-5a20-57d0-ad14-cf4c638e223a/globalnav_links_ipad_image__fw9qyj9lloi2_large.png]
[www.apple.com/ac/globalnav/7/en_GB/images/be15095f-5a20-57d0-ad14-cf4c638e223a/globalnav_links_ipad_image__fw9qyj9lloi2_small.png]
[www.apple.com/uk/environment/index.html]
[www.apple.com/uk/healthcare/health-records/index.html]
[www.apple.com/ac/globalnav/7/en_GB/images/be15095f-5a20-57d0-ad14-cf4c638e223a/globalnav_links_iphone_image__ko7x4isga4ia_large.png]
[www.apple.com/ac/globalnav/7/en_GB/images/be15095f-5a20-57d0-ad14-cf4c638e223a/globalnav_links_iphone_image__ko7x4isga4ia_small.png]
[www.apple.com/ac/globalnav/7/en_GB/images/be15095f-5a20-57d0-ad14-cf4c638e223a/globalnav_links_watch_image__gkoblojrlsqe_large.png]
[www.apple.com/ac/globalnav/7/en_GB/images/be15095f-5a20-57d0-ad14-cf4c638e223a/globalnav_links_watch_image__gkoblojrlsqe_small.png]
[www.apple.com/uk/privacy/index.html]
[www.apple.com/ac/globalnav/7/en_GB/images/be15095f-5a20-57d0-ad14-cf4c638e223a/globalnav_links_airpods_image__f969s84ivmaa_large.png]
[www.apple.com/ac/globalnav/7/en_GB/images/be15095f-5a20-57d0-ad14-cf4c638e223a/globalnav_links_airpods_image__f969s84ivmaa_small.png]
[www.apple.com/ac/globalnav/7/en_GB/images/be15095f-5a20-57d0-ad14-cf4c638e223a/globalnav_links_tvhome_image__zb2ewyxbi6ae_large.png]
[www.apple.com/ac/globalnav/7/en_GB/images/be15095f-5a20-57d0-ad14-cf4c638e223a/globalnav_links_tvhome_image__zb2ewyxbi6ae_small.png]
[www.apple.com/ac/globalnav/7/en_GB/images/be15095f-5a20-57d0-ad14-cf4c638e223a/globalnav_links_accessories_image__edj0wqmfwxyu_large.png]
[www.apple.com/uk/supplier-responsibility/index.html]
[www.apple.com/ac/globalnav/7/en_GB/images/be15095f-5a20-57d0-ad14-cf4c638e223a/globalnav_links_accessories_image__edj0wqmfwxyu_small.png]
[www.apple.com/ac/globalnav/7/en_GB/images/be15095f-5a20-57d0-ad14-cf4c638e223a/globalnav_links_onlyonapple_image__c4t8k97tougm_large.png]
[www.apple.com/ac/globalnav/7/en_GB/images/be15095f-5a20-57d0-ad14-cf4c638e223a/globalnav_links_onlyonapple_image__c4t8k97tougm_small.png]
[www.apple.com/uk/newsroom/index.html]
[www.apple.com/ac/globalnav/7/en_GB/images/be15095f-5a20-57d0-ad14-cf4c638e223a/globalnav_links_support_image__bw9kctll7u3m_large.png]
[www.apple.com/ac/globalnav/7/en_GB/images/be15095f-5a20-57d0-ad14-cf4c638e223a/globalnav_links_support_image__bw9kctll7u3m_small.png]
[www.apple.com/ac/globalnav/7/en_GB/images/be15095f-5a20-57d0-ad14-cf4c638e223a/globalnav_search_image__cbllq1gkias2_large.png]
[www.apple.com/ac/globalnav/7/en_GB/images/be15095f-5a20-57d0-ad14-cf4c638e223a/globalnav_search_image__cbllq1gkias2_small.png]
[www.apple.com/ac/globalnav/7/en_GB/images/be15095f-5a20-57d0-ad14-cf4c638e223a/globalnav_bag_image__yzte50i47ciu_large.png]
[www.apple.com/ac/globalnav/7/en_GB/images/be15095f-5a20-57d0-ad14-cf4c638e223a/globalnav_bag_image__yzte50i47ciu_small.png]
[www.apple.com/uk/apple-events/index.html]
[www.apple.com/uk/leadership/index.html]
[www.apple.com/ac/globalnav/7/en_GB/assets/ac-store/spinner.gif]
[www.apple.com/uk/contact/index.html]
[www.apple.com/uk/legal/privacy/index.html]
[www.apple.com/ac/globalnav/7/en_GB/assets/ac-store/bag.png]
[www.apple.com/uk/job-creation/index.html]
[www.apple.com/ac/globalnav/7/en_GB/assets/ac-store/favorites.png]
[www.apple.com/uk/legal/index.html]
[www.apple.com/ac/globalnav/7/en_GB/assets/ac-store/orders.png]
[www.apple.com/ac/globalnav/7/en_GB/assets/ac-store/account.png]
[www.apple.com/ac/globalnav/7/en_GB/assets/ac-store/signIn.png]
[www.apple.com/ac/globalnav/7/en_GB/assets/ac-store/savedbyyou.png]
[www.apple.com/uk/sitemap/index.html]
[www.apple.com/ac/globalnav/7/en_GB/assets/ac-store/savedIphonePreOrder.png]
[www.apple.com/ac/globalnav/7/en_GB/images/be15095f-5a20-57d0-ad14-cf4c638e223a/globalnav_search_reset__98n5h3q5beq2_small.png]
[www.apple.com/ac/globalnav/7/en_GB/images/be15095f-5a20-57d0-ad14-cf4c638e223a/globalnav_search_suggestions__b9upfuyrhhiq_large.png]
[www.apple.com/ac/globalnav/7/en_GB/styles/ac-globalnav.built.css]
[www.apple.com/ac/globalnav/7/en_GB/images/be15095f-5a20-57d0-ad14-cf4c638e223a/globalnav_search_suggestions__b9upfuyrhhiq_small.png]
[www.apple.com/ac/localnav/6/styles/ac-localnav.built.css]
[www.apple.com/ac/globalfooter/7/en_GB/styles/ac-globalfooter.built.css]
[www.apple.com/uk/home/built/styles/main.built.css]
[www.apple.com/uk/home/images/memoriam/hero__cr848sas9tw2_large.jpg]
[www.apple.com/uk/home/images/memoriam/hero__cr848sas9tw2_large_2x.jpg]
[www.apple.com/uk/home/images/memoriam/hero__cr848sas9tw2_medium.jpg]
[www.apple.com/uk/home/images/memoriam/hero__cr848sas9tw2_medium_2x.jpg]
[www.apple.com/uk/home/images/memoriam/hero__cr848sas9tw2_small.jpg]
[www.apple.com/uk/home/images/memoriam/hero__cr848sas9tw2_small_2x.jpg]
[www.apple.com/uk/home/built/styles/overview.built.css]
[www.apple.com/uk/home/built/scripts/head.built.js]
[www.apple.com/uk/shop/unsupported.html]
[store.storeimages.cdn-apple.com/4668/store.apple.com/shop/rs-external/rel/uk/external.css]
[store.storeimages.cdn-apple.com/4668/store.apple.com/shop/rs-globalelements/dist/uk/globalelements.css]
[store.storeimages.cdn-apple.com/4668/store.apple.com/shop/rs-checkout/4/dist/bag.css]
[store.storeimages.cdn-apple.com/4668/store.apple.com/shop/Catalog/global/css/dd/buy-flow/checkout.css]
[store.storeimages.cdn-apple.com/4668/store.apple.com/shop/Catalog/global/css/web/fee/transaction/as-bag.css]
[store.storeimages.cdn-apple.com/4668/store.apple.com/shop/rs-echo/3/dist/echo-nomodule.min.js]
[store.storeimages.cdn-apple.com/4668/store.apple.com/shop/rs-external/rel/unsupportedBrowser.min.js]
[store.storeimages.cdn-apple.com/4668/store.apple.com/shop/rs-echo/3/dist/echo.min.js]
[store.storeimages.cdn-apple.com/4668/store.apple.com/shop/rs-external/rel/external.js]
[store.storeimages.cdn-apple.com/4668/store.apple.com/shop/rs-vendor/1/dist/react@17.0.1/umd/react.production.min.js]
[store.storeimages.cdn-apple.com/4668/store.apple.com/shop/rs-vendor/1/dist/react-dom@17.0.1/umd/react-dom.production.min.js]
[store.storeimages.cdn-apple.com/4668/store.apple.com/shop/rs-globalelements/dist/globalelements.js]
[store.storeimages.cdn-apple.com/4668/store.apple.com/shop/rs-checkout/4/dist/bag.js]
[www.apple.com/uk/shop/experience-meta.json]
[store.storeimages.cdn-apple.com/4668/store.apple.com/shop/rs-external/rel/at.js]
[www.apple.com/uk/shop/open/salespolicies.html]
[www.apple.com/uk/legal/privacy/en-ww/index.html]
[www.apple.com/uk/shop/bag.html]
[www.apple.com/uk/search.html]
[www.apple.com/uk/store.html]
[www.apple.com/uk/mac/index.html]
[www.apple.com/uk/ipad/index.html]
[www.apple.com/uk/iphone/index.html]
[www.apple.com/uk/watch/index.html]
[www.apple.com/uk/airpods/index.html]
[www.apple.com/uk/tv-home/index.html]
[www.apple.com/uk/services/index.html]
[www.apple.com/uk/shop/accessories/all.html]
[www.apple.com/ac/globalnav/7/en_GB/scripts/ac-globalnav.built.js]
[www.apple.com/metrics/ac-analytics/2.15.1/scripts/ac-analytics.js]
[www.apple.com/metrics/ac-analytics/2.15.1/scripts/auto-init.js]
[www.apple.com/uk/airtag/index.html]
[www.apple.com/uk/shop/gift-cards.html]
[www.apple.com/uk/apple-music/index.html]
[www.apple.com/uk/apple-tv-plus/index.html]
[www.apple.com/uk/apple-fitness-plus/index.html]
[www.apple.com/uk/apple-news/index.html]
[www.apple.com/uk/apple-arcade/index.html]
[www.apple.com/uk/icloud/index.html]
[www.apple.com/uk/apple-one/index.html]
[www.apple.com/uk/apple-pay/index.html]
[www.apple.com/uk/apple-books/index.html]
[www.apple.com/uk/apple-podcasts/index.html]
[www.apple.com/uk/app-store/index.html]
[www.apple.com/uk/retail/index.html]
[www.apple.com/uk/retail/geniusbar/index.html]
[www.apple.com/uk/today/index.html]
[www.apple.com/uk/today/camp/index.html]
[www.apple.com/uk/shop/refurbished.html]
[www.apple.com/uk/shop/browse/financing.html]
[www.apple.com/uk/shop/trade-in.html]
[www.apple.com/uk/shop/help.html]
[www.apple.com/uk/business/index.html]
[www.apple.com/uk/retail/business/index.html]
[www.apple.com/uk/education/index.html]
[www.apple.com/uk/healthcare/index.html]
[www.apple.com/uk/healthcare/apple-watch/index.html]
[www.apple.com/uk/healthcare/health-records/index.html]
[www.apple.com/uk/accessibility/index.html]
[www.apple.com/uk/environment/index.html]
[www.apple.com/uk/privacy/index.html]
[www.apple.com/uk/supplier-responsibility/index.html]
[www.apple.com/uk/newsroom/index.html]
[www.apple.com/uk/leadership/index.html]
[www.apple.com/uk/apple-events/index.html]
[www.apple.com/uk/job-creation/index.html]
[www.apple.com/uk/contact/index.html]
[www.apple.com/uk/legal/privacy/index.html]
[www.apple.com/uk/legal/internet-services/terms/site.html]
[www.apple.com/uk/shop/browse/open/salespolicies.html]
[www.apple.com/uk/legal/index.html]
[www.apple.com/uk/sitemap/index.html]
[www.apple.com/ac/globalfooter/7/en_GB/scripts/ac-globalfooter.built.js]
[www.apple.com/ac/localeswitcher/4/en_GB/scripts/localeswitcher.built.js]
[www.apple.com/uk/home/built/scripts/main.built.js]
[www.apple.com/uk/shop/unsupported.html]
[store.storeimages.cdn-apple.com/4668/store.apple.com/shop/rs-external/rel/uk/external.css]
[store.storeimages.cdn-apple.com/4668/store.apple.com/shop/rs-globalelements/dist/uk/globalelements.css]
[store.storeimages.cdn-apple.com/4668/store.apple.com/shop/rs-checkout/4/dist/bag.css]
[store.storeimages.cdn-apple.com/4668/store.apple.com/shop/Catalog/global/css/dd/buy-flow/checkout.css]
[store.storeimages.cdn-apple.com/4668/store.apple.com/shop/Catalog/global/css/web/fee/transaction/as-bag.css]
[www.apple.com/uk/support/index.html]
[www.apple.com/uk/tv/index.html]
[www.apple.com/uk/retail/learn/index.html]
[www.apple.com/uk/legal/privacy/en-ww/index.html]
[www.apple.com/uk/shop/open/salespolicies.html]
